******************************************************************************
                  TI ARM Linker PC v20.2.6                     
******************************************************************************
>> Linked Tue Nov 22 11:29:22 2022

OUTPUT FILE NAME:   <Lab5.out>
ENTRY POINT SYMBOL: "_c_int00_noargs"  address: 00000a75


MEMORY CONFIGURATION

         name            origin    length      used     unused   attr    fill
----------------------  --------  ---------  --------  --------  ----  --------
  FLASH                 00000000   00040000  00000e6c  0003f194  R  X
  SRAM                  20000000   00008000  00000474  00007b8c  RW X


SEGMENT ALLOCATION MAP

run origin  load origin   length   init length attrs members
----------  ----------- ---------- ----------- ----- -------
00000000    00000000    00000e70   00000e70    r-x
  00000000    00000000    0000026c   0000026c    r-- .intvecs
  0000026c    0000026c    00000984   00000984    r-x .text
  00000bf0    00000bf0    0000024c   0000024c    r-- .const
  00000e40    00000e40    00000030   00000030    r-- .cinit
20000000    20000000    00000478   00000000    rw-
  20000000    20000000    0000026c   00000000    rw- .vtable
  20000270    20000270    00000200   00000000    rw- .stack
  20000470    20000470    00000008   00000000    rw- .data


SECTION ALLOCATION MAP

 output                                  attributes/
section   page    origin      length       input sections
--------  ----  ----------  ----------   ----------------
.intvecs   0    00000000    0000026c     
                  00000000    0000026c     tm4c123gh6pm_startup_ccs.obj (.intvecs)

.text      0    0000026c    00000984     
                  0000026c    0000033c     main.obj (.text)
                  000005a8    0000016c     driverlib.lib : gpio.obj (.text:GPIOPadConfigSet)
                  00000714    0000009c     rtsv7M4_T_le_v4SPD16_eabi.lib : memcpy_t2.asm.obj (.text)
                  000007b0    00000068     driverlib.lib : interrupt.obj (.text:IntEnable)
                  00000818    00000068     rtsv7M4_T_le_v4SPD16_eabi.lib : copy_decompress_lzss.c.obj (.text:decompress:lzss:__TI_decompress_lzss)
                  00000880    00000060     driverlib.lib : timer.obj (.text:TimerConfigure)
                  000008e0    00000058                   : gpio.obj (.text:GPIOIntTypeSet)
                  00000938    0000004c                   : timer.obj (.text:_TimerIntNumberGet)
                  00000984    00000044                   : gpio.obj (.text:_GPIOIntNumberGet)
                  000009c8    00000044     rtsv7M4_T_le_v4SPD16_eabi.lib : autoinit.c.obj (.text:__TI_auto_init_nobinit_nopinit:__TI_auto_init_nobinit_nopinit)
                  00000a0c    00000034     driverlib.lib : interrupt.obj (.text:IntRegister)
                  00000a40    00000034                   : sysctl.obj (.text:SysCtlPeripheralEnable)
                  00000a74    00000034     rtsv7M4_T_le_v4SPD16_eabi.lib : boot_cortex_m.c.obj (.text:_c_int00_noargs:_c_int00_noargs)
                  00000aa8    0000002c     driverlib.lib : gpio.obj (.text:GPIODirModeSet)
                  00000ad4    0000001c     rtsv7M4_T_le_v4SPD16_eabi.lib : copy_zero_init.c.obj (.text:decompress:ZI:__TI_zero_init_nomemset:__TI_zero_init_nomemset)
                  00000af0    0000001a     driverlib.lib : gpio.obj (.text:GPIOPinTypeGPIOOutput)
                  00000b0a    00000018                   : gpio.obj (.text:GPIOIntRegister)
                  00000b22    00000018                   : timer.obj (.text:TimerIntRegister)
                  00000b3a    00000016                   : gpio.obj (.text:GPIOPinTypeGPIOInput)
                  00000b50    00000012                   : timer.obj (.text:TimerLoadSet)
                  00000b62    00000010                   : interrupt.obj (.text:IntMasterEnable)
                  00000b72    0000000e                   : gpio.obj (.text:GPIOIntDisable)
                  00000b80    0000000e                   : timer.obj (.text:TimerEnable)
                  00000b8e    0000000e     rtsv7M4_T_le_v4SPD16_eabi.lib : copy_decompress_none.c.obj (.text:decompress:none:__TI_decompress_none)
                  00000b9c    0000000c     driverlib.lib : cpu.obj (.text:CPUcpsie)
                  00000ba8    0000000c                   : gpio.obj (.text:GPIOIntEnable)
                  00000bb4    0000000c     tm4c123gh6pm_startup_ccs.obj (.text)
                  00000bc0    0000000a     driverlib.lib : timer.obj (.text:TimerIntDisable)
                  00000bca    00000008                   : timer.obj (.text:TimerIntEnable)
                  00000bd2    00000006                   : gpio.obj (.text:GPIOIntClear)
                  00000bd8    00000006                   : gpio.obj (.text:GPIOPinWrite)
                  00000bde    00000006                   : timer.obj (.text:TimerClockSourceSet)
                  00000be4    00000004                   : timer.obj (.text:TimerIntClear)
                  00000be8    00000004     rtsv7M4_T_le_v4SPD16_eabi.lib : pre_init.c.obj (.text:_system_pre_init)
                  00000bec    00000004                                   : exit.c.obj (.text:abort:abort)

.const     0    00000bf0    0000024c     
                  00000bf0    000000d8     driverlib.lib : gpio.obj (.const:g_ppui32GPIOIntMapSnowflake)
                  00000cc8    000000c0                   : gpio.obj (.const:g_ppui32GPIOIntMapBlizzard)
                  00000d88    00000060                   : timer.obj (.const:g_ppui32TimerIntMap)
                  00000de8    00000040                   : timer.obj (.const:g_ppui32TimerIntMapSnowflake)
                  00000e28    00000014                   : interrupt.obj (.const:g_pui32EnRegs)

.cinit     0    00000e40    00000030     
                  00000e40    0000000c     (__TI_handler_table)
                  00000e4c    0000000b     (.cinit..data.load) [load image, compression = lzss]
                  00000e57    00000001     --HOLE-- [fill = 0]
                  00000e58    00000008     (.cinit..vtable.load) [load image, compression = zero_init]
                  00000e60    00000010     (__TI_cinit_table)

.init_array 
*          0    00000000    00000000     UNINITIALIZED

.vtable    0    20000000    0000026c     UNINITIALIZED
                  20000000    0000026c     driverlib.lib : interrupt.obj (.vtable)

.data      0    20000470    00000008     UNINITIALIZED
                  20000470    00000008     main.obj (.data)

.stack     0    20000270    00000200     UNINITIALIZED
                  20000270    00000004     rtsv7M4_T_le_v4SPD16_eabi.lib : boot_cortex_m.c.obj (.stack)
                  20000274    000001fc     --HOLE--

__llvm_prf_cnts 
*          0    20000000    00000000     UNINITIALIZED

MODULE SUMMARY

       Module                         code   ro data   rw data
       ------                         ----   -------   -------
    .\
       main.obj                       828    0         8      
       tm4c123gh6pm_startup_ccs.obj   12     620       0      
    +--+------------------------------+------+---------+---------+
       Total:                         840    620       8      
                                                              
    C:\ti\ccs1200\ccs\tools\compiler\ti-cgt-arm_20.2.6.LTS\lib\rtsv7M4_T_le_v4SPD16_eabi.lib
       memcpy_t2.asm.obj              156    0         0      
       copy_decompress_lzss.c.obj     104    0         0      
       autoinit.c.obj                 68     0         0      
       boot_cortex_m.c.obj            52     0         0      
       copy_zero_init.c.obj           28     0         0      
       copy_decompress_none.c.obj     14     0         0      
       exit.c.obj                     4      0         0      
       pre_init.c.obj                 4      0         0      
    +--+------------------------------+------+---------+---------+
       Total:                         430    0         0      
                                                              
    G:/My Drive/School/EENG260/labs-workspace/TivaWare_C_Series-2.2.0.295/driverlib/ccs/Debug/driverlib.lib
       gpio.obj                       674    408       0      
       interrupt.obj                  172    20        620    
       timer.obj                      256    160       0      
       sysctl.obj                     52     0         0      
       cpu.obj                        12     0         0      
    +--+------------------------------+------+---------+---------+
       Total:                         1166   588       620    
                                                              
       Stack:                         0      0         512    
       Linker Generated:              0      47        0      
    +--+------------------------------+------+---------+---------+
       Grand Total:                   2436   1255      1140   


LINKER GENERATED COPY TABLES

__TI_cinit_table @ 00000e60 records: 2, size/record: 8, table size: 16
	.data: load addr=00000e4c, load size=0000000b bytes, run addr=20000470, run size=00000008 bytes, compression=lzss
	.vtable: load addr=00000e58, load size=00000008 bytes, run addr=20000000, run size=0000026c bytes, compression=zero_init


LINKER GENERATED HANDLER TABLE

__TI_handler_table @ 00000e40 records: 3, size/record: 4, table size: 12
	index: 0, handler: __TI_zero_init
	index: 1, handler: __TI_decompress_lzss
	index: 2, handler: __TI_decompress_none


GLOBAL SYMBOLS: SORTED ALPHABETICALLY BY Name 

address   name                          
-------   ----                          
00000bed  C$$EXIT                       
00000b9d  CPUcpsie                      
00000aa9  GPIODirModeSet                
00000bd3  GPIOIntClear                  
00000b73  GPIOIntDisable                
00000ba9  GPIOIntEnable                 
00000b0b  GPIOIntRegister               
000008e1  GPIOIntTypeSet                
000005a9  GPIOPadConfigSet              
00000b3b  GPIOPinTypeGPIOInput          
00000af1  GPIOPinTypeGPIOOutput         
00000bd9  GPIOPinWrite                  
000007b1  IntEnable                     
00000b63  IntMasterEnable               
00000a0d  IntRegister                   
00000bb5  ResetISR                      
000003cd  SW1IntHandler                 
00000a41  SysCtlPeripheralEnable        
00000401  Timer0IntHandler              
00000435  Timer1IntHandler              
00000bdf  TimerClockSourceSet           
00000881  TimerConfigure                
00000b81  TimerEnable                   
00000be5  TimerIntClear                 
00000bc1  TimerIntDisable               
00000bcb  TimerIntEnable                
00000b23  TimerIntRegister              
00000b51  TimerLoadSet                  
20000470  __STACK_END                   
00000200  __STACK_SIZE                  
20000470  __STACK_TOP                   
00000e60  __TI_CINIT_Base               
00000e70  __TI_CINIT_Limit              
00000e40  __TI_Handler_Table_Base       
00000e4c  __TI_Handler_Table_Limit      
000009c9  __TI_auto_init_nobinit_nopinit
00000819  __TI_decompress_lzss          
00000b8f  __TI_decompress_none          
ffffffff  __TI_pprof_out_hndl           
ffffffff  __TI_prof_data_size           
ffffffff  __TI_prof_data_start          
00000000  __TI_static_base__            
00000ad5  __TI_zero_init_nomemset       
00000715  __aeabi_memcpy                
00000715  __aeabi_memcpy4               
00000715  __aeabi_memcpy8               
ffffffff  __binit__                     
ffffffff  __c_args__                    
UNDEFED   __mpu_init                    
20000270  __stack                       
20000000  __start___llvm_prf_cnts       
20000000  __stop___llvm_prf_cnts        
00000a75  _c_int00_noargs               
UNDEFED   _system_post_cinit            
00000be9  _system_pre_init              
00000bed  abort                         
ffffffff  binit                         
000004e1  configurePins                 
0000026d  configureSysTick              
00000459  configureTimers               
20000471  count                         
20000474  digit                         
00000345  display                       
0000030b  displayHundreds               
000002ab  displayOnes                   
000002d1  displayTens                   
20000000  g_pfnRAMVectors               
00000000  g_pfnVectors                  
0000053d  main                          
00000715  memcpy                        
00000287  sysTick_delay                 
20000470  up                            


GLOBAL SYMBOLS: SORTED BY Symbol Address 

address   name                          
-------   ----                          
00000000  __TI_static_base__            
00000000  g_pfnVectors                  
00000200  __STACK_SIZE                  
0000026d  configureSysTick              
00000287  sysTick_delay                 
000002ab  displayOnes                   
000002d1  displayTens                   
0000030b  displayHundreds               
00000345  display                       
000003cd  SW1IntHandler                 
00000401  Timer0IntHandler              
00000435  Timer1IntHandler              
00000459  configureTimers               
000004e1  configurePins                 
0000053d  main                          
000005a9  GPIOPadConfigSet              
00000715  __aeabi_memcpy                
00000715  __aeabi_memcpy4               
00000715  __aeabi_memcpy8               
00000715  memcpy                        
000007b1  IntEnable                     
00000819  __TI_decompress_lzss          
00000881  TimerConfigure                
000008e1  GPIOIntTypeSet                
000009c9  __TI_auto_init_nobinit_nopinit
00000a0d  IntRegister                   
00000a41  SysCtlPeripheralEnable        
00000a75  _c_int00_noargs               
00000aa9  GPIODirModeSet                
00000ad5  __TI_zero_init_nomemset       
00000af1  GPIOPinTypeGPIOOutput         
00000b0b  GPIOIntRegister               
00000b23  TimerIntRegister              
00000b3b  GPIOPinTypeGPIOInput          
00000b51  TimerLoadSet                  
00000b63  IntMasterEnable               
00000b73  GPIOIntDisable                
00000b81  TimerEnable                   
00000b8f  __TI_decompress_none          
00000b9d  CPUcpsie                      
00000ba9  GPIOIntEnable                 
00000bb5  ResetISR                      
00000bc1  TimerIntDisable               
00000bcb  TimerIntEnable                
00000bd3  GPIOIntClear                  
00000bd9  GPIOPinWrite                  
00000bdf  TimerClockSourceSet           
00000be5  TimerIntClear                 
00000be9  _system_pre_init              
00000bed  C$$EXIT                       
00000bed  abort                         
00000e40  __TI_Handler_Table_Base       
00000e4c  __TI_Handler_Table_Limit      
00000e60  __TI_CINIT_Base               
00000e70  __TI_CINIT_Limit              
20000000  __start___llvm_prf_cnts       
20000000  __stop___llvm_prf_cnts        
20000000  g_pfnRAMVectors               
20000270  __stack                       
20000470  __STACK_END                   
20000470  __STACK_TOP                   
20000470  up                            
20000471  count                         
20000474  digit                         
ffffffff  __TI_pprof_out_hndl           
ffffffff  __TI_prof_data_size           
ffffffff  __TI_prof_data_start          
ffffffff  __binit__                     
ffffffff  __c_args__                    
ffffffff  binit                         
UNDEFED   __mpu_init                    
UNDEFED   _system_post_cinit            

[72 symbols]
