******************************************************************************
                  TI ARM Linker PC v20.2.6                     
******************************************************************************
>> Linked Thu Dec  1 13:59:56 2022

OUTPUT FILE NAME:   <Project.out>
ENTRY POINT SYMBOL: "_c_int00_noargs"  address: 000010f1


MEMORY CONFIGURATION

         name            origin    length      used     unused   attr    fill
----------------------  --------  ---------  --------  --------  ----  --------
  FLASH                 00000000   00040000  000015a8  0003ea58  R  X
  SRAM                  20000000   00008000  00000494  00007b6c  RW X


SEGMENT ALLOCATION MAP

run origin  load origin   length   init length attrs members
----------  ----------- ---------- ----------- ----- -------
00000000    00000000    000015a8   000015a8    r-x
  00000000    00000000    0000026c   0000026c    r-- .intvecs
  0000026c    0000026c    000010c0   000010c0    r-x .text
  0000132c    0000132c    0000024c   0000024c    r-- .const
  00001578    00001578    00000030   00000030    r-- .cinit
20000000    20000000    00000498   00000000    rw-
  20000000    20000000    0000026c   00000000    rw- .vtable
  20000270    20000270    00000200   00000000    rw- .stack
  20000470    20000470    00000028   00000000    rw- .data


SECTION ALLOCATION MAP

 output                                  attributes/
section   page    origin      length       input sections
--------  ----  ----------  ----------   ----------------
.intvecs   0    00000000    0000026c     
                  00000000    0000026c     tm4c123gh6pm_startup_ccs.obj (.intvecs)

.text      0    0000026c    000010c0     
                  0000026c    000005ec     main.obj (.text)
                  00000858    0000016c     driverlib.lib : gpio.obj (.text:GPIOPadConfigSet)
                  000009c4    00000136     rtsv7M4_T_le_v4SPD16_eabi.lib : fd_div_t2.asm.obj (.text)
                  00000afa    000000fc                                   : fd_mul_t2.asm.obj (.text)
                  00000bf6    0000009c                                   : memcpy_t2.asm.obj (.text)
                  00000c92    0000007a     driverlib.lib : adc.obj (.text:ADCSequenceStepConfigure)
                  00000d0c    00000068                   : interrupt.obj (.text:IntEnable)
                  00000d74    00000068     rtsv7M4_T_le_v4SPD16_eabi.lib : copy_decompress_lzss.c.obj (.text:decompress:lzss:__TI_decompress_lzss)
                  00000ddc    00000060     driverlib.lib : timer.obj (.text:TimerConfigure)
                  00000e3c    00000058                   : gpio.obj (.text:GPIOIntTypeSet)
                  00000e94    00000050                   : adc.obj (.text:_ADCIntNumberGet)
                  00000ee4    0000004e                   : adc.obj (.text:ADCSequenceConfigure)
                  00000f32    00000002     --HOLE-- [fill = 0]
                  00000f34    0000004c                   : timer.obj (.text:_TimerIntNumberGet)
                  00000f80    00000048     rtsv7M4_T_le_v4SPD16_eabi.lib : fd_toi_t2.asm.obj (.text)
                  00000fc8    00000044     driverlib.lib : gpio.obj (.text:_GPIOIntNumberGet)
                  0000100c    00000044     rtsv7M4_T_le_v4SPD16_eabi.lib : autoinit.c.obj (.text:__TI_auto_init_nobinit_nopinit:__TI_auto_init_nobinit_nopinit)
                  00001050    00000038     driverlib.lib : sysctl.obj (.text:SysCtlPeripheralReady)
                  00001088    00000034                   : interrupt.obj (.text:IntRegister)
                  000010bc    00000034                   : sysctl.obj (.text:SysCtlPeripheralEnable)
                  000010f0    00000034     rtsv7M4_T_le_v4SPD16_eabi.lib : boot_cortex_m.c.obj (.text:_c_int00_noargs:_c_int00_noargs)
                  00001124    0000002e                                   : i_tofd_t2.asm.obj (.text)
                  00001152    0000002c     driverlib.lib : gpio.obj (.text:GPIODirModeSet)
                  0000117e    0000001e                   : adc.obj (.text:ADCSequenceDataGet)
                  0000119c    0000001c     rtsv7M4_T_le_v4SPD16_eabi.lib : copy_zero_init.c.obj (.text:decompress:ZI:__TI_zero_init_nomemset:__TI_zero_init_nomemset)
                  000011b8    0000001a     driverlib.lib : gpio.obj (.text:GPIOPinTypeGPIOOutput)
                  000011d2    00000018                   : adc.obj (.text:ADCIntRegister)
                  000011ea    00000018                   : adc.obj (.text:ADCProcessorTrigger)
                  00001202    00000018                   : gpio.obj (.text:GPIOIntRegister)
                  0000121a    00000018                   : timer.obj (.text:TimerIntRegister)
                  00001232    00000016                   : gpio.obj (.text:GPIOPinTypeGPIOInput)
                  00001248    00000012                   : timer.obj (.text:TimerLoadSet)
                  0000125a    00000010                   : adc.obj (.text:ADCIntEnable)
                  0000126a    00000010                   : interrupt.obj (.text:IntMasterEnable)
                  0000127a    0000000e                   : adc.obj (.text:ADCHardwareOversampleConfigure)
                  00001288    0000000e                   : adc.obj (.text:ADCIntDisable)
                  00001296    0000000e                   : adc.obj (.text:ADCSequenceEnable)
                  000012a4    0000000e                   : gpio.obj (.text:GPIOIntDisable)
                  000012b2    0000000e                   : timer.obj (.text:TimerEnable)
                  000012c0    0000000e     rtsv7M4_T_le_v4SPD16_eabi.lib : copy_decompress_none.c.obj (.text:decompress:none:__TI_decompress_none)
                  000012ce    0000000c     driverlib.lib : cpu.obj (.text:CPUcpsie)
                  000012da    0000000c                   : gpio.obj (.text:GPIOIntEnable)
                  000012e6    0000000c     tm4c123gh6pm_startup_ccs.obj (.text)
                  000012f2    0000000a     driverlib.lib : adc.obj (.text:ADCIntClear)
                  000012fc    0000000a                   : timer.obj (.text:TimerIntDisable)
                  00001306    00000008                   : timer.obj (.text:TimerIntEnable)
                  0000130e    00000006                   : gpio.obj (.text:GPIOIntClear)
                  00001314    00000006                   : gpio.obj (.text:GPIOPinWrite)
                  0000131a    00000006                   : timer.obj (.text:TimerClockSourceSet)
                  00001320    00000004                   : timer.obj (.text:TimerIntClear)
                  00001324    00000004     rtsv7M4_T_le_v4SPD16_eabi.lib : pre_init.c.obj (.text:_system_pre_init)
                  00001328    00000004                                   : exit.c.obj (.text:abort:abort)

.const     0    0000132c    0000024c     
                  0000132c    000000d8     driverlib.lib : gpio.obj (.const:g_ppui32GPIOIntMapSnowflake)
                  00001404    000000c0                   : gpio.obj (.const:g_ppui32GPIOIntMapBlizzard)
                  000014c4    00000060                   : timer.obj (.const:g_ppui32TimerIntMap)
                  00001524    00000040                   : timer.obj (.const:g_ppui32TimerIntMapSnowflake)
                  00001564    00000014                   : interrupt.obj (.const:g_pui32EnRegs)

.cinit     0    00001578    00000030     
                  00001578    0000000c     (__TI_handler_table)
                  00001584    0000000b     (.cinit..data.load) [load image, compression = lzss]
                  0000158f    00000001     --HOLE-- [fill = 0]
                  00001590    00000008     (.cinit..vtable.load) [load image, compression = zero_init]
                  00001598    00000010     (__TI_cinit_table)

.init_array 
*          0    00000000    00000000     UNINITIALIZED

.vtable    0    20000000    0000026c     UNINITIALIZED
                  20000000    0000026c     driverlib.lib : interrupt.obj (.vtable)

.data      0    20000470    00000028     UNINITIALIZED
                  20000470    00000028     main.obj (.data)

.stack     0    20000270    00000200     UNINITIALIZED
                  20000270    00000004     rtsv7M4_T_le_v4SPD16_eabi.lib : boot_cortex_m.c.obj (.stack)
                  20000274    000001fc     --HOLE--

__llvm_prf_cnts 
*          0    20000000    00000000     UNINITIALIZED

MODULE SUMMARY

       Module                         code   ro data   rw data
       ------                         ----   -------   -------
    .\
       main.obj                       1516   0         40     
       tm4c123gh6pm_startup_ccs.obj   12     620       0      
    +--+------------------------------+------+---------+---------+
       Total:                         1528   620       40     
                                                              
    C:\ti\ccs1200\ccs\tools\compiler\ti-cgt-arm_20.2.6.LTS\lib\rtsv7M4_T_le_v4SPD16_eabi.lib
       fd_div_t2.asm.obj              310    0         0      
       fd_mul_t2.asm.obj              252    0         0      
       memcpy_t2.asm.obj              156    0         0      
       copy_decompress_lzss.c.obj     104    0         0      
       fd_toi_t2.asm.obj              72     0         0      
       autoinit.c.obj                 68     0         0      
       boot_cortex_m.c.obj            52     0         0      
       i_tofd_t2.asm.obj              46     0         0      
       copy_zero_init.c.obj           28     0         0      
       copy_decompress_none.c.obj     14     0         0      
       exit.c.obj                     4      0         0      
       pre_init.c.obj                 4      0         0      
    +--+------------------------------+------+---------+---------+
       Total:                         1110   0         0      
                                                              
    G:/My Drive/School/EENG260/labs-workspace/TivaWare_C_Series-2.2.0.295/driverlib/ccs/Debug/driverlib.lib
       gpio.obj                       674    408       0      
       interrupt.obj                  172    20        620    
       adc.obj                        426    0         0      
       timer.obj                      256    160       0      
       sysctl.obj                     108    0         0      
       cpu.obj                        12     0         0      
    +--+------------------------------+------+---------+---------+
       Total:                         1648   588       620    
                                                              
       Stack:                         0      0         512    
       Linker Generated:              0      47        0      
    +--+------------------------------+------+---------+---------+
       Grand Total:                   4286   1255      1172   


LINKER GENERATED COPY TABLES

__TI_cinit_table @ 00001598 records: 2, size/record: 8, table size: 16
	.data: load addr=00001584, load size=0000000b bytes, run addr=20000470, run size=00000028 bytes, compression=lzss
	.vtable: load addr=00001590, load size=00000008 bytes, run addr=20000000, run size=0000026c bytes, compression=zero_init


LINKER GENERATED HANDLER TABLE

__TI_handler_table @ 00001578 records: 3, size/record: 4, table size: 12
	index: 0, handler: __TI_zero_init
	index: 1, handler: __TI_decompress_lzss
	index: 2, handler: __TI_decompress_none


GLOBAL SYMBOLS: SORTED ALPHABETICALLY BY Name 

address   name                          
-------   ----                          
000004f3  ADC0IntHandler                
000004c5  ADC1IntHandler                
0000127b  ADCHardwareOversampleConfigure
000012f3  ADCIntClear                   
00001289  ADCIntDisable                 
0000125b  ADCIntEnable                  
000011d3  ADCIntRegister                
000011eb  ADCProcessorTrigger           
00000ee5  ADCSequenceConfigure          
0000117f  ADCSequenceDataGet            
00001297  ADCSequenceEnable             
00000c93  ADCSequenceStepConfigure      
00001329  C$$EXIT                       
000012cf  CPUcpsie                      
00001153  GPIODirModeSet                
0000130f  GPIOIntClear                  
000012a5  GPIOIntDisable                
000012db  GPIOIntEnable                 
00001203  GPIOIntRegister               
00000e3d  GPIOIntTypeSet                
00000859  GPIOPadConfigSet              
00001233  GPIOPinTypeGPIOInput          
000011b9  GPIOPinTypeGPIOOutput         
00001315  GPIOPinWrite                  
00000d0d  IntEnable                     
0000126b  IntMasterEnable               
00001089  IntRegister                   
000012e7  ResetISR                      
00000457  SW1IntHandler                 
000010bd  SysCtlPeripheralEnable        
00001051  SysCtlPeripheralReady         
000003cd  Timer0IntHandler              
0000040b  Timer1IntHandler              
0000131b  TimerClockSourceSet           
00000ddd  TimerConfigure                
000012b3  TimerEnable                   
00001321  TimerIntClear                 
000012fd  TimerIntDisable               
00001307  TimerIntEnable                
0000121b  TimerIntRegister              
00001249  TimerLoadSet                  
20000470  __STACK_END                   
00000200  __STACK_SIZE                  
20000470  __STACK_TOP                   
00001598  __TI_CINIT_Base               
000015a8  __TI_CINIT_Limit              
00001578  __TI_Handler_Table_Base       
00001584  __TI_Handler_Table_Limit      
0000100d  __TI_auto_init_nobinit_nopinit
00000d75  __TI_decompress_lzss          
000012c1  __TI_decompress_none          
ffffffff  __TI_pprof_out_hndl           
ffffffff  __TI_prof_data_size           
ffffffff  __TI_prof_data_start          
00000000  __TI_static_base__            
0000119d  __TI_zero_init_nomemset       
00000f81  __aeabi_d2iz                  
000009c5  __aeabi_ddiv                  
00000afb  __aeabi_dmul                  
00001125  __aeabi_i2d                   
00000bf7  __aeabi_memcpy                
00000bf7  __aeabi_memcpy4               
00000bf7  __aeabi_memcpy8               
ffffffff  __binit__                     
ffffffff  __c_args__                    
UNDEFED   __mpu_init                    
20000270  __stack                       
20000000  __start___llvm_prf_cnts       
20000000  __stop___llvm_prf_cnts        
000010f1  _c_int00_noargs               
UNDEFED   _system_post_cinit            
00001325  _system_pre_init              
00001329  abort                         
20000494  alarm                         
000006ef  alarmToggle                   
ffffffff  binit                         
00000539  configureADCs                 
00000681  configurePins                 
0000026d  configureSysTick              
000005f5  configureTimers               
20000478  data0                         
2000047c  data1                         
2000048c  density                       
20000474  digit                         
00000345  display                       
0000030b  displayHundreds               
000002ab  displayOnes                   
000002d1  displayTens                   
20000000  g_pfnRAMVectors               
00000000  g_pfnVectors                  
20000484  kel                           
00000735  main                          
00000bf7  memcpy                        
20000470  mode                          
20000480  psia                          
00000295  sysTick_delay                 
20000488  temp                          
20000490  timerC                        


GLOBAL SYMBOLS: SORTED BY Symbol Address 

address   name                          
-------   ----                          
00000000  __TI_static_base__            
00000000  g_pfnVectors                  
00000200  __STACK_SIZE                  
0000026d  configureSysTick              
00000295  sysTick_delay                 
000002ab  displayOnes                   
000002d1  displayTens                   
0000030b  displayHundreds               
00000345  display                       
000003cd  Timer0IntHandler              
0000040b  Timer1IntHandler              
00000457  SW1IntHandler                 
000004c5  ADC1IntHandler                
000004f3  ADC0IntHandler                
00000539  configureADCs                 
000005f5  configureTimers               
00000681  configurePins                 
000006ef  alarmToggle                   
00000735  main                          
00000859  GPIOPadConfigSet              
000009c5  __aeabi_ddiv                  
00000afb  __aeabi_dmul                  
00000bf7  __aeabi_memcpy                
00000bf7  __aeabi_memcpy4               
00000bf7  __aeabi_memcpy8               
00000bf7  memcpy                        
00000c93  ADCSequenceStepConfigure      
00000d0d  IntEnable                     
00000d75  __TI_decompress_lzss          
00000ddd  TimerConfigure                
00000e3d  GPIOIntTypeSet                
00000ee5  ADCSequenceConfigure          
00000f81  __aeabi_d2iz                  
0000100d  __TI_auto_init_nobinit_nopinit
00001051  SysCtlPeripheralReady         
00001089  IntRegister                   
000010bd  SysCtlPeripheralEnable        
000010f1  _c_int00_noargs               
00001125  __aeabi_i2d                   
00001153  GPIODirModeSet                
0000117f  ADCSequenceDataGet            
0000119d  __TI_zero_init_nomemset       
000011b9  GPIOPinTypeGPIOOutput         
000011d3  ADCIntRegister                
000011eb  ADCProcessorTrigger           
00001203  GPIOIntRegister               
0000121b  TimerIntRegister              
00001233  GPIOPinTypeGPIOInput          
00001249  TimerLoadSet                  
0000125b  ADCIntEnable                  
0000126b  IntMasterEnable               
0000127b  ADCHardwareOversampleConfigure
00001289  ADCIntDisable                 
00001297  ADCSequenceEnable             
000012a5  GPIOIntDisable                
000012b3  TimerEnable                   
000012c1  __TI_decompress_none          
000012cf  CPUcpsie                      
000012db  GPIOIntEnable                 
000012e7  ResetISR                      
000012f3  ADCIntClear                   
000012fd  TimerIntDisable               
00001307  TimerIntEnable                
0000130f  GPIOIntClear                  
00001315  GPIOPinWrite                  
0000131b  TimerClockSourceSet           
00001321  TimerIntClear                 
00001325  _system_pre_init              
00001329  C$$EXIT                       
00001329  abort                         
00001578  __TI_Handler_Table_Base       
00001584  __TI_Handler_Table_Limit      
00001598  __TI_CINIT_Base               
000015a8  __TI_CINIT_Limit              
20000000  __start___llvm_prf_cnts       
20000000  __stop___llvm_prf_cnts        
20000000  g_pfnRAMVectors               
20000270  __stack                       
20000470  __STACK_END                   
20000470  __STACK_TOP                   
20000470  mode                          
20000474  digit                         
20000478  data0                         
2000047c  data1                         
20000480  psia                          
20000484  kel                           
20000488  temp                          
2000048c  density                       
20000490  timerC                        
20000494  alarm                         
ffffffff  __TI_pprof_out_hndl           
ffffffff  __TI_prof_data_size           
ffffffff  __TI_prof_data_start          
ffffffff  __binit__                     
ffffffff  __c_args__                    
ffffffff  binit                         
UNDEFED   __mpu_init                    
UNDEFED   _system_post_cinit            

[98 symbols]
