******************************************************************************
                  TI ARM Linker PC v20.2.6                     
******************************************************************************
>> Linked Thu Nov  3 13:55:17 2022

OUTPUT FILE NAME:   <Lab4.out>
ENTRY POINT SYMBOL: "_c_int00_noargs"  address: 000007e1


MEMORY CONFIGURATION

         name            origin    length      used     unused   attr    fill
----------------------  --------  ---------  --------  --------  ----  --------
  FLASH                 00000000   00040000  00000ae8  0003f518  R  X
  SRAM                  20000000   00008000  00000474  00007b8c  RW X


SEGMENT ALLOCATION MAP

run origin  load origin   length   init length attrs members
----------  ----------- ---------- ----------- ----- -------
00000000    00000000    00000ae8   00000ae8    r-x
  00000000    00000000    0000026c   0000026c    r-- .intvecs
  0000026c    0000026c    000006a0   000006a0    r-x .text
  0000090c    0000090c    000001ac   000001ac    r-- .const
  00000ab8    00000ab8    00000030   00000030    r-- .cinit
20000000    20000000    00000478   00000000    rw-
  20000000    20000000    0000026c   00000000    rw- .vtable
  20000270    20000270    00000200   00000000    rw- .stack
  20000470    20000470    00000008   00000000    rw- .data


SECTION ALLOCATION MAP

 output                                  attributes/
section   page    origin      length       input sections
--------  ----  ----------  ----------   ----------------
.intvecs   0    00000000    0000026c     
                  00000000    0000026c     tm4c123gh6pm_startup_ccs.obj (.intvecs)

.text      0    0000026c    000006a0     
                  0000026c    0000016c     driverlib.lib : gpio.obj (.text:GPIOPadConfigSet)
                  000003d8    00000154     main.obj (.text)
                  0000052c    0000009c     rtsv7M4_T_le_v4SPD16_eabi.lib : memcpy_t2.asm.obj (.text)
                  000005c8    00000068     driverlib.lib : interrupt.obj (.text:IntEnable)
                  00000630    00000068     rtsv7M4_T_le_v4SPD16_eabi.lib : copy_decompress_lzss.c.obj (.text:decompress:lzss:__TI_decompress_lzss)
                  00000698    00000058     driverlib.lib : gpio.obj (.text:GPIOIntTypeSet)
                  000006f0    00000044                   : gpio.obj (.text:_GPIOIntNumberGet)
                  00000734    00000044     rtsv7M4_T_le_v4SPD16_eabi.lib : autoinit.c.obj (.text:__TI_auto_init_nobinit_nopinit:__TI_auto_init_nobinit_nopinit)
                  00000778    00000034     driverlib.lib : interrupt.obj (.text:IntRegister)
                  000007ac    00000034                   : sysctl.obj (.text:SysCtlPeripheralEnable)
                  000007e0    00000034     rtsv7M4_T_le_v4SPD16_eabi.lib : boot_cortex_m.c.obj (.text:_c_int00_noargs:_c_int00_noargs)
                  00000814    0000002c     driverlib.lib : gpio.obj (.text:GPIODirModeSet)
                  00000840    0000001c     rtsv7M4_T_le_v4SPD16_eabi.lib : copy_zero_init.c.obj (.text:decompress:ZI:__TI_zero_init_nomemset:__TI_zero_init_nomemset)
                  0000085c    0000001a     driverlib.lib : gpio.obj (.text:GPIOPinTypeGPIOOutput)
                  00000876    00000018                   : gpio.obj (.text:GPIOIntRegister)
                  0000088e    00000002     --HOLE-- [fill = 0]
                  00000890    00000018                   : gpio.obj (.text:GPIOUnlockPin)
                  000008a8    00000016                   : gpio.obj (.text:GPIOPinTypeGPIOInput)
                  000008be    0000000e                   : gpio.obj (.text:GPIOIntStatus)
                  000008cc    0000000e     rtsv7M4_T_le_v4SPD16_eabi.lib : copy_decompress_none.c.obj (.text:decompress:none:__TI_decompress_none)
                  000008da    0000000c     driverlib.lib : gpio.obj (.text:GPIOIntEnable)
                  000008e6    0000000c     tm4c123gh6pm_startup_ccs.obj (.text)
                  000008f2    00000006     driverlib.lib : gpio.obj (.text:GPIOIntClear)
                  000008f8    00000006                   : gpio.obj (.text:GPIOPinRead)
                  000008fe    00000006                   : gpio.obj (.text:GPIOPinWrite)
                  00000904    00000004     rtsv7M4_T_le_v4SPD16_eabi.lib : pre_init.c.obj (.text:_system_pre_init)
                  00000908    00000004                                   : exit.c.obj (.text:abort:abort)

.const     0    0000090c    000001ac     
                  0000090c    000000d8     driverlib.lib : gpio.obj (.const:g_ppui32GPIOIntMapSnowflake)
                  000009e4    000000c0                   : gpio.obj (.const:g_ppui32GPIOIntMapBlizzard)
                  00000aa4    00000014                   : interrupt.obj (.const:g_pui32EnRegs)

.cinit     0    00000ab8    00000030     
                  00000ab8    0000000c     (__TI_handler_table)
                  00000ac4    00000004     --HOLE-- [fill = 0]
                  00000ac8    00000008     (.cinit..vtable.load) [load image, compression = zero_init]
                  00000ad0    00000007     (.cinit..data.load) [load image, compression = lzss]
                  00000ad7    00000001     --HOLE-- [fill = 0]
                  00000ad8    00000010     (__TI_cinit_table)

.init_array 
*          0    00000000    00000000     UNINITIALIZED

.vtable    0    20000000    0000026c     UNINITIALIZED
                  20000000    0000026c     driverlib.lib : interrupt.obj (.vtable)

.data      0    20000470    00000008     UNINITIALIZED
                  20000470    00000008     main.obj (.data)

.stack     0    20000270    00000200     UNINITIALIZED
                  20000270    00000004     rtsv7M4_T_le_v4SPD16_eabi.lib : boot_cortex_m.c.obj (.stack)
                  20000274    000001fc     --HOLE--

__llvm_prf_cnts 
*          0    20000000    00000000     UNINITIALIZED

MODULE SUMMARY

       Module                         code   ro data   rw data
       ------                         ----   -------   -------
    .\
       tm4c123gh6pm_startup_ccs.obj   12     620       0      
       main.obj                       340    0         8      
    +--+------------------------------+------+---------+---------+
       Total:                         352    620       8      
                                                              
    C:\ti\ccs1200\ccs\tools\compiler\ti-cgt-arm_20.2.6.LTS\lib\rtsv7M4_T_le_v4SPD16_eabi.lib
       memcpy_t2.asm.obj              156    0         0      
       copy_decompress_lzss.c.obj     104    0         0      
       autoinit.c.obj                 68     0         0      
       boot_cortex_m.c.obj            52     0         0      
       copy_zero_init.c.obj           28     0         0      
       copy_decompress_none.c.obj     14     0         0      
       exit.c.obj                     4      0         0      
       pre_init.c.obj                 4      0         0      
    +--+------------------------------+------+---------+---------+
       Total:                         430    0         0      
                                                              
    G:/My Drive/School/EENG260/labs-workspace/TivaWare_C_Series-2.2.0.295/driverlib/ccs/Debug/driverlib.lib
       gpio.obj                       704    408       0      
       interrupt.obj                  156    20        620    
       sysctl.obj                     52     0         0      
    +--+------------------------------+------+---------+---------+
       Total:                         912    428       620    
                                                              
       Stack:                         0      0         512    
       Linker Generated:              0      43        0      
    +--+------------------------------+------+---------+---------+
       Grand Total:                   1694   1091      1140   


LINKER GENERATED COPY TABLES

__TI_cinit_table @ 00000ad8 records: 2, size/record: 8, table size: 16
	.vtable: load addr=00000ac8, load size=00000008 bytes, run addr=20000000, run size=0000026c bytes, compression=zero_init
	.data: load addr=00000ad0, load size=00000007 bytes, run addr=20000470, run size=00000008 bytes, compression=lzss


LINKER GENERATED HANDLER TABLE

__TI_handler_table @ 00000ab8 records: 3, size/record: 4, table size: 12
	index: 0, handler: __TI_zero_init
	index: 1, handler: __TI_decompress_lzss
	index: 2, handler: __TI_decompress_none


GLOBAL SYMBOLS: SORTED ALPHABETICALLY BY Name 

address   name                          
-------   ----                          
00000909  C$$EXIT                       
00000815  GPIODirModeSet                
000008f3  GPIOIntClear                  
000008db  GPIOIntEnable                 
00000877  GPIOIntRegister               
000008bf  GPIOIntStatus                 
00000699  GPIOIntTypeSet                
0000026d  GPIOPadConfigSet              
000008f9  GPIOPinRead                   
000008a9  GPIOPinTypeGPIOInput          
0000085d  GPIOPinTypeGPIOOutput         
000008ff  GPIOPinWrite                  
00000891  GPIOUnlockPin                 
000005c9  IntEnable                     
00000779  IntRegister                   
00000409  PortFIntHandler               
000008e7  ResetISR                      
000007ad  SysCtlPeripheralEnable        
20000470  __STACK_END                   
00000200  __STACK_SIZE                  
20000470  __STACK_TOP                   
00000ad8  __TI_CINIT_Base               
00000ae8  __TI_CINIT_Limit              
00000ab8  __TI_Handler_Table_Base       
00000ac4  __TI_Handler_Table_Limit      
00000735  __TI_auto_init_nobinit_nopinit
00000631  __TI_decompress_lzss          
000008cd  __TI_decompress_none          
ffffffff  __TI_pprof_out_hndl           
ffffffff  __TI_prof_data_size           
ffffffff  __TI_prof_data_start          
00000000  __TI_static_base__            
00000841  __TI_zero_init_nomemset       
0000052d  __aeabi_memcpy                
0000052d  __aeabi_memcpy4               
0000052d  __aeabi_memcpy8               
ffffffff  __binit__                     
ffffffff  __c_args__                    
UNDEFED   __mpu_init                    
20000270  __stack                       
20000000  __start___llvm_prf_cnts       
20000000  __stop___llvm_prf_cnts        
000007e1  _c_int00_noargs               
UNDEFED   _system_post_cinit            
00000905  _system_pre_init              
00000909  abort                         
ffffffff  binit                         
00000449  configurePins                 
000003d9  configureSysTick              
20000000  g_pfnRAMVectors               
00000000  g_pfnVectors                  
000004b7  main                          
0000052d  memcpy                        
000004a3  setPins                       
20000470  sw1                           
20000474  sw2                           
000003f3  sysTick_delay                 


GLOBAL SYMBOLS: SORTED BY Symbol Address 

address   name                          
-------   ----                          
00000000  __TI_static_base__            
00000000  g_pfnVectors                  
00000200  __STACK_SIZE                  
0000026d  GPIOPadConfigSet              
000003d9  configureSysTick              
000003f3  sysTick_delay                 
00000409  PortFIntHandler               
00000449  configurePins                 
000004a3  setPins                       
000004b7  main                          
0000052d  __aeabi_memcpy                
0000052d  __aeabi_memcpy4               
0000052d  __aeabi_memcpy8               
0000052d  memcpy                        
000005c9  IntEnable                     
00000631  __TI_decompress_lzss          
00000699  GPIOIntTypeSet                
00000735  __TI_auto_init_nobinit_nopinit
00000779  IntRegister                   
000007ad  SysCtlPeripheralEnable        
000007e1  _c_int00_noargs               
00000815  GPIODirModeSet                
00000841  __TI_zero_init_nomemset       
0000085d  GPIOPinTypeGPIOOutput         
00000877  GPIOIntRegister               
00000891  GPIOUnlockPin                 
000008a9  GPIOPinTypeGPIOInput          
000008bf  GPIOIntStatus                 
000008cd  __TI_decompress_none          
000008db  GPIOIntEnable                 
000008e7  ResetISR                      
000008f3  GPIOIntClear                  
000008f9  GPIOPinRead                   
000008ff  GPIOPinWrite                  
00000905  _system_pre_init              
00000909  C$$EXIT                       
00000909  abort                         
00000ab8  __TI_Handler_Table_Base       
00000ac4  __TI_Handler_Table_Limit      
00000ad8  __TI_CINIT_Base               
00000ae8  __TI_CINIT_Limit              
20000000  __start___llvm_prf_cnts       
20000000  __stop___llvm_prf_cnts        
20000000  g_pfnRAMVectors               
20000270  __stack                       
20000470  __STACK_END                   
20000470  __STACK_TOP                   
20000470  sw1                           
20000474  sw2                           
ffffffff  __TI_pprof_out_hndl           
ffffffff  __TI_prof_data_size           
ffffffff  __TI_prof_data_start          
ffffffff  __binit__                     
ffffffff  __c_args__                    
ffffffff  binit                         
UNDEFED   __mpu_init                    
UNDEFED   _system_post_cinit            

[57 symbols]
